5.850065628779253401603455
5.850065628779254289781875
5.850065628779253401603455
5.850065628779253401603455
5.850065628779253401603455
5.850065628779253401603455
5.850065628779253401603455
5.850065628779253401603455
5.850065628779253401603455
5.850065628779253401603455
5.850065628779253401603455
5.850065628779255177960295
5.850065628779252513425035
5.850065628779252513425035
5.850065628779252513425035
