5.391631816995555048777078
5.391631816995555048777078
5.391631816995555048777078
5.391631816995555048777078
5.391631816995555048777078
5.391631816995555048777078
5.391631816995555048777078
5.391631816995555048777078
5.391631816995555048777078
5.391631816995555048777078
5.391631816995555048777078
5.391631816995555048777078
5.391631816995555048777078
5.391631816995555048777078
5.391631816995555048777078
5.391631816995555048777078
5.391631816995555048777078
5.391631816995555048777078
5.391631816995555048777078
5.391631816995555048777078
5.391631816995555048777078
5.391631816995555048777078
5.391631816995555048777078
5.391631816995555048777078
5.391631816995555048777078
5.391631816995555048777078
5.391631816995555048777078
5.391631816995555048777078
5.391631816995555048777078
5.391631816995555048777078
