5.852922712053571174806166
5.852922712053571174806166
5.852922712053571174806166
5.852922712053571174806166
5.852922712053571174806166
5.852922712053571174806166
5.852922712053571174806166
5.852922712053571174806166
5.852922712053571174806166
5.852922712053571174806166
5.852922712053571174806166
5.852922712053571174806166
5.852922712053571174806166
5.852922712053571174806166
5.852922712053571174806166
