5.821428571428571174806166
5.821428571428571174806166
5.821428571428571174806166
5.821428571428571174806166
5.821428571428571174806166
5.821428571428571174806166
5.821428571428571174806166
5.821428571428571174806166
5.821428571428571174806166
5.821428571428571174806166
5.821428571428571174806166
5.821428571428571174806166
5.821428571428571174806166
5.821428571428571174806166
5.821428571428571174806166
