11.48275862068965480489169
11.48275862068965480489169
11.48275862068965480489169
11.48275862068965480489169
11.48275862068965480489169
11.48275862068965480489169
11.48275862068965480489169
11.48275862068965480489169
11.48275862068965480489169
11.48275862068965480489169
11.48275862068965480489169
11.48275862068965480489169
11.48275862068965480489169
11.48275862068965480489169
11.48275862068965480489169
11.48275862068965480489169
11.48275862068965480489169
11.48275862068965480489169
11.48275862068965480489169
11.48275862068965480489169
11.48275862068965480489169
11.48275862068965480489169
11.48275862068965480489169
11.48275862068965480489169
11.48275862068965480489169
11.48275862068965480489169
11.48275862068965480489169
11.48275862068965480489169
11.48275862068965480489169
11.48275862068965480489169
