11.54771686422413878858606
11.54771686422413878858606
11.54771686422413878858606
11.54771686422413878858606
11.54771686422413878858606
11.54771686422413878858606
11.54771686422413878858606
11.54771686422413878858606
11.54771686422413878858606
11.54771686422413878858606
11.54771686422413878858606
11.54771686422413878858606
11.54771686422413878858606
11.54771686422413878858606
11.54771686422413878858606
11.54771686422413878858606
11.54771686422413878858606
11.54771686422413878858606
11.54771686422413878858606
11.54771686422413878858606
11.54771686422413878858606
11.54771686422413878858606
11.54771686422413878858606
11.54771686422413878858606
11.54771686422413878858606
11.54771686422413878858606
11.54771686422413878858606
11.54771686422413878858606
11.54771686422413878858606
11.54771686422413878858606
