5.852943157327586298777078
5.852943157327586298777078
5.852943157327586298777078
5.852943157327586298777078
5.852943157327586298777078
5.852943157327586298777078
5.852943157327586298777078
5.852943157327586298777078
5.852943157327586298777078
5.852943157327586298777078
5.852943157327586298777078
5.852943157327586298777078
5.852943157327586298777078
5.852943157327586298777078
5.852943157327586298777078
5.852943157327586298777078
5.852943157327586298777078
5.852943157327586298777078
5.852943157327586298777078
5.852943157327586298777078
5.852943157327586298777078
5.852943157327586298777078
5.852943157327586298777078
5.852943157327586298777078
5.852943157327586298777078
5.852943157327586298777078
5.852943157327586298777078
5.852943157327586298777078
5.852943157327586298777078
5.852943157327586298777078
