5.844827586206896796738874
5.844827586206896796738874
5.844827586206896796738874
5.844827586206896796738874
5.844827586206896796738874
5.844827586206896796738874
5.844827586206896796738874
5.844827586206896796738874
5.844827586206896796738874
5.844827586206896796738874
5.844827586206896796738874
5.844827586206896796738874
5.844827586206896796738874
5.844827586206896796738874
5.844827586206896796738874
5.844827586206896796738874
5.844827586206896796738874
5.844827586206896796738874
5.844827586206896796738874
5.844827586206896796738874
5.844827586206896796738874
5.844827586206896796738874
5.844827586206896796738874
5.844827586206896796738874
5.844827586206896796738874
5.844827586206896796738874
5.844827586206896796738874
5.844827586206896796738874
5.844827586206896796738874
5.844827586206896796738874
