7.312668372844827402445844
7.312668372844827402445844
7.312668372844827402445844
7.312668372844827402445844
7.312668372844827402445844
7.312668372844827402445844
7.312668372844827402445844
7.312668372844827402445844
7.312668372844827402445844
7.312668372844827402445844
7.312668372844827402445844
7.312668372844827402445844
7.312668372844827402445844
7.312668372844827402445844
7.312668372844827402445844
7.312668372844827402445844
7.312668372844827402445844
7.312668372844827402445844
7.312668372844827402445844
7.312668372844827402445844
7.312668372844827402445844
7.312668372844827402445844
7.312668372844827402445844
7.312668372844827402445844
7.312668372844827402445844
7.312668372844827402445844
7.312668372844827402445844
7.312668372844827402445844
7.312668372844827402445844
7.312668372844827402445844
