7.310344827586206406522251
7.310344827586206406522251
7.310344827586206406522251
7.310344827586206406522251
7.310344827586206406522251
7.310344827586206406522251
7.310344827586206406522251
7.310344827586206406522251
7.310344827586206406522251
7.310344827586206406522251
7.310344827586206406522251
7.310344827586206406522251
7.310344827586206406522251
7.310344827586206406522251
7.310344827586206406522251
7.310344827586206406522251
7.310344827586206406522251
7.310344827586206406522251
7.310344827586206406522251
7.310344827586206406522251
7.310344827586206406522251
7.310344827586206406522251
7.310344827586206406522251
7.310344827586206406522251
7.310344827586206406522251
7.310344827586206406522251
7.310344827586206406522251
7.310344827586206406522251
7.310344827586206406522251
7.310344827586206406522251
