10.36013405555480382247424
10.36013405555482691511315
10.36013405555482691511315
10.36013405555483402054051
10.36013405555485711317942
10.36013405555485711317942
10.36013405555482691511315
10.36013405555482691511315
10.36013405555481625697212
10.36013405555482691511315
