10.17241379310344839836944
10.17241379310344839836944
10.17241379310344839836944
10.17241379310344839836944
10.17241379310344839836944
10.17241379310344839836944
10.17241379310344839836944
10.17241379310344839836944
10.17241379310344839836944
10.17241379310344839836944
