10.2405627020474128130445
10.2405627020474128130445
10.2405627020474128130445
10.2405627020474128130445
10.2405627020474128130445
10.2405627020474128130445
10.2405627020474128130445
10.2405627020474128130445
10.2405627020474128130445
10.2405627020474128130445
