11.52265604635915785536326
11.52265604635915785536326
11.52265604635916140807694
11.52265604635915785536326
11.52265604635915607900642
11.52265604635915252629275
11.52265604635915607900642
11.52265604635915252629275
11.52265604635915074993591
11.52265604635915252629275
11.52265604635915074993591
11.52265604635915430264959
11.52265604635915252629275
11.52265604635915074993591
11.52265604635915252629275
11.52265604635914897357907
11.52265604635915074993591
11.52265604635915252629275
11.52265604635915074993591
11.52265604635915252629275
11.52265604635915252629275
11.52265604635916140807694
11.52265604635914897357907
11.52265604635915607900642
11.52265604635915074993591
11.52265604635914897357907
11.52265604635915252629275
11.52265604635915607900642
11.52265604635915785536326
11.52265604635915252629275
