5.398871955800250255208539
5.398871955800252031565378
5.398871955800252919743798
5.398871955800252919743798
5.398871955800253807922218
5.398871955800253807922218
5.398871955800253807922218
5.398871955800253807922218
5.398871955800253807922218
5.398871955800253807922218
5.398871955800253807922218
5.398871955800253807922218
5.398871955800253807922218
5.398871955800253807922218
5.398871955800253807922218
5.398871955800253807922218
5.398871955800253807922218
5.398871955800253807922218
5.398871955800253807922218
5.398871955800253807922218
5.398871955800253807922218
5.398871955800251143386959
5.398871955800253807922218
5.398871955800253807922218
5.398871955800253807922218
5.398871955800253807922218
5.398871955800254696100637
5.398871955800253807922218
5.398871955800254696100637
5.398871955800252919743798
