7.306038720521757845460797
7.306038720521762286352896
7.306038720521758733639217
7.306038720521758733639217
7.306038720521758733639217
7.306038720521759621817637
7.306038720521759621817637
7.306038720521760509996056
7.306038720521759621817637
7.306038720521759621817637
7.306038720521759621817637
7.306038720521759621817637
7.306038720521759621817637
7.306038720521759621817637
7.306038720521759621817637
7.306038720521759621817637
7.306038720521759621817637
7.306038720521759621817637
7.306038720521759621817637
7.306038720521759621817637
7.306038720521759621817637
7.306038720521760509996056
7.306038720521759621817637
7.306038720521760509996056
7.306038720521760509996056
7.306038720521760509996056
7.306038720521760509996056
7.306038720521760509996056
7.306038720521761398174476
7.306038720521759621817637
