5.39655172413793060570697
5.39655172413793060570697
5.39655172413793060570697
5.39655172413793060570697
5.39655172413793060570697
5.39655172413793060570697
5.39655172413793060570697
5.39655172413793060570697
5.39655172413793060570697
5.39655172413793060570697
5.39655172413793060570697
5.39655172413793060570697
5.39655172413793060570697
5.39655172413793060570697
5.39655172413793060570697
5.39655172413793060570697
5.39655172413793060570697
5.39655172413793060570697
5.39655172413793060570697
5.39655172413793060570697
5.39655172413793060570697
5.39655172413793060570697
5.39655172413793060570697
5.39655172413793060570697
5.39655172413793060570697
5.39655172413793060570697
5.39655172413793060570697
5.39655172413793060570697
5.39655172413793060570697
5.39655172413793060570697
