10.37285686500866788151143
10.37285686500863768344516
10.37285686500863590708832
10.37285686500863235437464
10.37285686500860926173573
10.37285686500861103809257
10.37285686500863590708832
10.37285686500864123615884
10.37285686500864834158619
10.37285686500864301251568
