5.391631553912985097554156
5.391631553912985097554156
5.391631553912985097554156
5.391631553912985097554156
5.391631553912985097554156
5.391631553912985097554156
5.391631553912985097554156
5.391631553912985097554156
5.391631553912985097554156
5.391631553912985097554156
5.391631553912985097554156
5.391631553912985097554156
5.391631553912985097554156
5.391631553912985097554156
5.391631553912985097554156
5.391631553912985097554156
5.391631553912985097554156
5.391631553912985097554156
5.391631553912985097554156
5.391631553912985097554156
5.391631553912985097554156
5.391631553912985097554156
5.391631553912985097554156
5.391631553912985097554156
5.391631553912985097554156
5.391631553912985097554156
5.391631553912985097554156
5.391631553912985097554156
5.391631553912985097554156
5.391631553912985097554156
