5.849587976762518515272404
5.849587976762524732521342
5.849587976762524732521342
5.849587976762524732521342
5.849587976762522956164503
5.849587976762527397056601
5.849587976762527397056601
5.849587976762528285235021
5.849587976762528285235021
5.849587976762528285235021
5.849587976762528285235021
5.849587976762527397056601
5.849587976762527397056601
5.849587976762528285235021
5.849587976762527397056601
5.849587976762528285235021
5.849587976762528285235021
5.849587976762527397056601
5.849587976762528285235021
5.849587976762528285235021
5.849587976762526508878182
5.849587976762522956164503
5.849587976762525620699762
5.849587976762528285235021
5.849587976762527397056601
5.849587976762528285235021
5.849587976762529173413441
5.849587976762529173413441
5.849587976762527397056601
5.849587976762525620699762
