7.312683894716459853668766
7.312683894716459853668766
7.312683894716459853668766
7.312683894716459853668766
7.312683894716459853668766
7.312683894716459853668766
7.312683894716459853668766
7.312683894716459853668766
7.312683894716459853668766
7.312683894716459853668766
7.312683894716459853668766
7.312683894716459853668766
7.312683894716459853668766
7.312683894716459853668766
7.312683894716459853668766
7.312683894716459853668766
7.312683894716459853668766
7.312683894716459853668766
7.312683894716459853668766
7.312683894716459853668766
7.312683894716459853668766
7.312683894716459853668766
7.312683894716459853668766
7.312683894716459853668766
7.312683894716459853668766
7.312683894716459853668766
7.312683894716459853668766
7.312683894716459853668766
7.312683894716459853668766
7.312683894716459853668766
