5.852923801967075512209249
5.852923801967075512209249
5.852923801967075512209249
5.852923801967075512209249
5.852923801967075512209249
5.852923801967075512209249
5.852923801967075512209249
5.852923801967075512209249
5.852923801967075512209249
5.852923801967075512209249
5.852923801967075512209249
5.852923801967075512209249
5.852923801967075512209249
5.852923801967075512209249
5.852923801967075512209249
