10.71457435344827402445844
10.71457435344827402445844
10.71457435344827402445844
10.71457435344827402445844
10.71457435344827402445844
10.71457435344827402445844
10.71457435344827402445844
10.71457435344827402445844
10.71457435344827402445844
10.71457435344827402445844
